VARIANT	VARIANT	VARIANT	VARIANT	VARIANT	VARIANT	S1	S1	S2	S2	S3	S3
CHROM	POS	REF	ALT	QUAL	T	GT	S	GT	S	GT	S
1	99	A	T	NaN	2	1/1	a	./1	bbbbbbb	.	ccccccccc
